// Jest Snapshot v1, https://goo.gl/fbAQLP

exports[`About page renders correctly 1`] = `
<WithStyles(ForwardRef(Container))
  className="makeStyles-container-1"
  maxWidth="lg"
>
  <WithStyles(ForwardRef(Grid))
    container={true}
    spacing={3}
  >
    <WithStyles(ForwardRef(Grid))
      item={true}
      lg={12}
      md={12}
      xs={12}
    >
      <About />
    </WithStyles(ForwardRef(Grid))>
  </WithStyles(ForwardRef(Grid))>
</WithStyles(ForwardRef(Container))>
`;
