// Jest Snapshot v1, https://goo.gl/fbAQLP

exports[`About page renders correctly 1`] = `
<div>
  Modify content in pages folder
</div>
`;

exports[`TravelLog renders correctly 1`] = `
<WithStyles(ForwardRef(Grid))
  item={true}
  lg={9}
  md={8}
  xs={12}
>
  <WithStyles(ForwardRef(Paper))
    className="makeStyles-paper-2 makeStyles-autoHeight-3"
  >
    <WithStyles(ForwardRef(Typography))>
      Hello
    </WithStyles(ForwardRef(Typography))>
  </WithStyles(ForwardRef(Paper))>
</WithStyles(ForwardRef(Grid))>
`;
